# Test cases for lazy_matrix_mul function
>>> lazy_matrix_mul([[1, 2], [3, 4]], [[1, 2], [3, 4]])
[[7, 10], [15, 22]]

>>> lazy_matrix_mul([[1, 2]], [[3, 4], [5, 6]])
[[13, 16]]

# Test case with an empty matrix
>>> lazy_matrix_mul([], [[1, 2], [3, 4]])
# doctest: +ELLIPSIS
Traceback (most recent call last):
    ...
ValueError: m_a can't be empty

# Test case with a non-rectangular matrix
>>> lazy_matrix_mul([[1, 2], [3, 4, 5]], [[1, 2], [3, 4]])
# doctest: +ELLIPSIS
Traceback (most recent call last):
    ...
ValueError: each row of m_a must be of the same size or each row of m_b must be of the same size

# Test case with matrices that can't be multiplied
>>> lazy_matrix_mul([[1, 2], [3, 4]], [[1, 2], [3, 4], [5, 6]])
# doctest: +ELLIPSIS
Traceback (most recent call last):
    ...
ValueError: m_a and m_b can't be multiplied

# Test case with matrices containing non-numeric elements
>>> lazy_matrix_mul([[1, 'two'], [3, 4]], [[1, 2], [3, 4]])
# doctest: +ELLIPSIS
Traceback (most recent call last):
    ...
ValueError: m_a should contain only integers or floats or m_b should contain only integers or floats

# Test case with non-list input
>>> lazy_matrix_mul(42, [[1, 2], [3, 4]])
# doctest: +ELLIPSIS
Traceback (most recent call last):
    ...
ValueError: m_a must be a list of lists

